../Core/Src/main.c:90:10:CalculateDistance	24	static
../Core/Src/main.c:95:6:SetColor	16	static
../Core/Src/main.c:103:10:ReadAnalog	16	static
../Core/Src/main.c:114:6:CaptureReading	24	static
../Core/Src/main.c:138:6:SetServoAngle	16	static
../Core/Src/main.c:168:6:SetDistributorPosition	16	static
../Core/Src/main.c:172:6:SendChuteTo	16	static
../Core/Src/main.c:179:6:SetResetBar	16	static
../Core/Src/main.c:194:15:uartAvailable	4	static
../Core/Src/main.c:198:15:uartRead	4	static
../Core/Src/main.c:202:6:uartAcknowledgeOverflow	4	static
../Core/Src/main.c:209:15:GetPixelColor	24	static
../Core/Src/main.c:216:6:HAL_UART_RxCpltCallback	16	static
../Core/Src/main.c:229:5:main	112	static
../Core/Src/main.c:388:6:SystemClock_Config	96	static
../Core/Src/main.c:432:13:MX_ADC1_Init	48	static
../Core/Src/main.c:498:13:MX_TIM1_Init	40	static
../Core/Src/main.c:545:13:MX_TIM2_Init	40	static
../Core/Src/main.c:590:13:MX_TIM3_Init	64	static
../Core/Src/main.c:657:13:MX_USART2_UART_Init	8	static
../Core/Src/main.c:692:13:MX_GPIO_Init	40	static
../Core/Src/main.c:728:6:Error_Handler	4	static,ignoring_inline_asm
